[ERROR] `min_frames` is part of Qwen3VLVideoProcessorInitKwargs, but not documented. Make sure to add it to the docstring of the function in /root/autodl-tmp/conda/envs/torchspec/lib/python3.12/site-packages/transformers/models/qwen3_vl/video_processing_qwen3_vl.py.
[ERROR] `max_frames` is part of Qwen3VLVideoProcessorInitKwargs, but not documented. Make sure to add it to the docstring of the function in /root/autodl-tmp/conda/envs/torchspec/lib/python3.12/site-packages/transformers/models/qwen3_vl/video_processing_qwen3_vl.py.
DAG: 40 attrs, 40 value positions
Loading weights:   0%|          | 0/723 [00:00<?, ?it/s]Loading weights: 100%|██████████| 723/723 [00:00<00:00, 8688.91it/s]
models loaded

=== sample 0 [serial] ===
  r0: draft=['5_o_Clock_=F', 'Arched_Eye=T', 'Attractive=T'] verify=['5_o_Clock_=F', 'Arched_Eye=T', 'Attractive=T'] -> accept all 3
  r1: draft=['Bags_Under=F', 'Bald=F', 'Bangs=F'] verify=['Bags_Under=F', 'Bald=F', 'Bangs=F'] -> accept all 3
  r2: draft=['Big_Lips=F', 'Big_Nose=F', 'Black_Hair=F'] verify=['Big_Lips=F', 'Big_Nose=F', 'Black_Hair=F'] -> accept all 3
  r3: draft=['Blond_Hair=T', 'Blurry=F', 'Brown_Hair=F'] verify=['Blond_Hair=T', 'Blurry=F', 'Brown_Hair=F'] -> accept all 3
  r4: draft=['Bushy_Eyeb=F', 'Chubby=F', 'Double_Chi=F'] verify=['Bushy_Eyeb=F', 'Chubby=F', 'Double_Chi=F'] -> accept all 3
  r5: draft=['Eyeglasses=F', 'Goatee=F', 'Gray_Hair=F'] verify=['Eyeglasses=F', 'Goatee=F', 'Gray_Hair=F'] -> accept all 3
  r6: draft=['Heavy_Make=F', 'High_Cheek=T', 'Male=F'] verify=['Heavy_Make=F', 'High_Cheek=T', 'Male=F'] -> accept all 3
  r7: draft=['Mouth_Slig=F', 'Mustache=F', 'Narrow_Eye=F'] verify=['Mouth_Slig=F', 'Mustache=F', 'Narrow_Eye=F'] -> accept all 3
  r8: draft=['No_Beard=T', 'Oval_Face=T', 'Pale_Skin=F'] verify=['No_Beard=T', 'Oval_Face=T', 'Pale_Skin=F'] -> accept all 3
  r9: draft=['Pointy_Nos=F', 'Receding_H=F', 'Rosy_Cheek=T'] verify=['Pointy_Nos=F', 'Receding_H=F', 'Rosy_Cheek=F'] -> reject@2, re-draft from 30
  r10: draft=['Sideburns=F', 'Smiling=T', 'Straight_H=F'] verify=['Sideburns=F', 'Smiling=T', 'Straight_H=F'] -> accept all 3
  r11: draft=['Wavy_Hair=T', 'Wearing_Ea=T', 'Wearing_Ha=F'] verify=['Wavy_Hair=T', 'Wearing_Ea=T', 'Wearing_Ha=F'] -> accept all 3
  r12: draft=['Wearing_Li=T', 'Wearing_Ne=F', 'Wearing_Ne=F'] verify=['Wearing_Li=T', 'Wearing_Ne=F', 'Wearing_Ne=F'] -> accept all 3
  r13: draft=['Young=T'] verify=['Young=T'] -> accept all 1
  rounds=14, verify_forwards=40, correct=32/40

=== sample 1 [serial] ===
  r0: draft=['5_o_Clock_=F', 'Arched_Eye=T', 'Attractive=T'] verify=['5_o_Clock_=F', 'Arched_Eye=T', 'Attractive=T'] -> accept all 3
  r1: draft=['Bags_Under=F', 'Bald=F', 'Bangs=F'] verify=['Bags_Under=F', 'Bald=F', 'Bangs=F'] -> accept all 3
  r2: draft=['Big_Lips=F', 'Big_Nose=F', 'Black_Hair=F'] verify=['Big_Lips=F', 'Big_Nose=F', 'Black_Hair=F'] -> accept all 3
  r3: draft=['Blond_Hair=F', 'Blurry=F', 'Brown_Hair=F'] verify=['Blond_Hair=F', 'Blurry=F', 'Brown_Hair=T'] -> reject@2, re-draft from 12
  r4: draft=['Bushy_Eyeb=F', 'Chubby=F', 'Double_Chi=F'] verify=['Bushy_Eyeb=F', 'Chubby=F', 'Double_Chi=F'] -> accept all 3
  r5: draft=['Eyeglasses=F', 'Goatee=F', 'Gray_Hair=F'] verify=['Eyeglasses=F', 'Goatee=F', 'Gray_Hair=F'] -> accept all 3
  r6: draft=['Heavy_Make=F', 'High_Cheek=T', 'Male=F'] verify=['Heavy_Make=F', 'High_Cheek=T', 'Male=F'] -> accept all 3
  r7: draft=['Mouth_Slig=T', 'Mustache=F', 'Narrow_Eye=F'] verify=['Mouth_Slig=T', 'Mustache=F', 'Narrow_Eye=F'] -> accept all 3
  r8: draft=['No_Beard=T', 'Oval_Face=T', 'Pale_Skin=T'] verify=['No_Beard=T', 'Oval_Face=T', 'Pale_Skin=T'] -> accept all 3
  r9: draft=['Pointy_Nos=F', 'Receding_H=F', 'Rosy_Cheek=T'] verify=['Pointy_Nos=F', 'Receding_H=F', 'Rosy_Cheek=T'] -> accept all 3
  r10: draft=['Sideburns=F', 'Smiling=T', 'Straight_H=F'] verify=['Sideburns=F', 'Smiling=T', 'Straight_H=F'] -> accept all 3
  r11: draft=['Wavy_Hair=T', 'Wearing_Ea=F', 'Wearing_Ha=F'] verify=['Wavy_Hair=T', 'Wearing_Ea=F', 'Wearing_Ha=F'] -> accept all 3
  r12: draft=['Wearing_Li=F', 'Wearing_Ne=F', 'Wearing_Ne=F'] verify=['Wearing_Li=F', 'Wearing_Ne=F', 'Wearing_Ne=F'] -> accept all 3
  r13: draft=['Young=T'] verify=['Young=T'] -> accept all 1
  rounds=14, verify_forwards=40, correct=32/40

=== sample 2 [serial] ===
  r0: draft=['5_o_Clock_=F', 'Arched_Eye=F', 'Attractive=T'] verify=['5_o_Clock_=F', 'Arched_Eye=F', 'Attractive=T'] -> accept all 3
  r1: draft=['Bags_Under=F', 'Bald=F', 'Bangs=F'] verify=['Bags_Under=F', 'Bald=F', 'Bangs=F'] -> accept all 3
  r2: draft=['Big_Lips=F', 'Big_Nose=F', 'Black_Hair=F'] verify=['Big_Lips=F', 'Big_Nose=F', 'Black_Hair=F'] -> accept all 3
  r3: draft=['Blond_Hair=F', 'Blurry=F', 'Brown_Hair=T'] verify=['Blond_Hair=F', 'Blurry=F', 'Brown_Hair=T'] -> accept all 3
  r4: draft=['Bushy_Eyeb=F', 'Chubby=F', 'Double_Chi=F'] verify=['Bushy_Eyeb=F', 'Chubby=F', 'Double_Chi=F'] -> accept all 3
  r5: draft=['Eyeglasses=F', 'Goatee=F', 'Gray_Hair=F'] verify=['Eyeglasses=F', 'Goatee=F', 'Gray_Hair=F'] -> accept all 3
  r6: draft=['Heavy_Make=F', 'High_Cheek=T', 'Male=T'] verify=['Heavy_Make=F', 'High_Cheek=T', 'Male=T'] -> accept all 3
  r7: draft=['Mouth_Slig=T', 'Mustache=F', 'Narrow_Eye=F'] verify=['Mouth_Slig=T', 'Mustache=F', 'Narrow_Eye=F'] -> accept all 3
  r8: draft=['No_Beard=T', 'Oval_Face=T', 'Pale_Skin=T'] verify=['No_Beard=T', 'Oval_Face=T', 'Pale_Skin=T'] -> accept all 3
  r9: draft=['Pointy_Nos=F', 'Receding_H=F', 'Rosy_Cheek=F'] verify=['Pointy_Nos=F', 'Receding_H=F', 'Rosy_Cheek=F'] -> accept all 3
  r10: draft=['Sideburns=F', 'Smiling=T', 'Straight_H=F'] verify=['Sideburns=F', 'Smiling=T', 'Straight_H=F'] -> accept all 3
  r11: draft=['Wavy_Hair=T', 'Wearing_Ea=F', 'Wearing_Ha=F'] verify=['Wavy_Hair=T', 'Wearing_Ea=F', 'Wearing_Ha=F'] -> accept all 3
  r12: draft=['Wearing_Li=F', 'Wearing_Ne=F', 'Wearing_Ne=F'] verify=['Wearing_Li=F', 'Wearing_Ne=F', 'Wearing_Ne=F'] -> accept all 3
  r13: draft=['Young=T'] verify=['Young=T'] -> accept all 1
  rounds=14, verify_forwards=40, correct=29/40

=== sample 3 [serial] ===
  r0: draft=['5_o_Clock_=F', 'Arched_Eye=F', 'Attractive=T'] verify=['5_o_Clock_=F', 'Arched_Eye=F', 'Attractive=T'] -> accept all 3
  r1: draft=['Bags_Under=F', 'Bald=F', 'Bangs=F'] verify=['Bags_Under=F', 'Bald=F', 'Bangs=F'] -> accept all 3
  r2: draft=['Big_Lips=T', 'Big_Nose=F', 'Black_Hair=F'] verify=['Big_Lips=T', 'Big_Nose=F', 'Black_Hair=F'] -> accept all 3
  r3: draft=['Blond_Hair=F', 'Blurry=F', 'Brown_Hair=T'] verify=['Blond_Hair=F', 'Blurry=F', 'Brown_Hair=T'] -> accept all 3
  r4: draft=['Bushy_Eyeb=F', 'Chubby=F', 'Double_Chi=F'] verify=['Bushy_Eyeb=F', 'Chubby=F', 'Double_Chi=F'] -> accept all 3
  r5: draft=['Eyeglasses=F', 'Goatee=F', 'Gray_Hair=F'] verify=['Eyeglasses=F', 'Goatee=F', 'Gray_Hair=F'] -> accept all 3
  r6: draft=['Heavy_Make=T', 'High_Cheek=T', 'Male=F'] verify=['Heavy_Make=T', 'High_Cheek=T', 'Male=F'] -> accept all 3
  r7: draft=['Mouth_Slig=F', 'Mustache=F', 'Narrow_Eye=F'] verify=['Mouth_Slig=F', 'Mustache=F', 'Narrow_Eye=F'] -> accept all 3
  r8: draft=['No_Beard=T', 'Oval_Face=T', 'Pale_Skin=F'] verify=['No_Beard=T', 'Oval_Face=T', 'Pale_Skin=F'] -> accept all 3
  r9: draft=['Pointy_Nos=F', 'Receding_H=F', 'Rosy_Cheek=F'] verify=['Pointy_Nos=F', 'Receding_H=F', 'Rosy_Cheek=F'] -> accept all 3
  r10: draft=['Sideburns=F', 'Smiling=F', 'Straight_H=F'] verify=['Sideburns=F', 'Smiling=F', 'Straight_H=F'] -> accept all 3
  r11: draft=['Wavy_Hair=T', 'Wearing_Ea=T', 'Wearing_Ha=F'] verify=['Wavy_Hair=T', 'Wearing_Ea=T', 'Wearing_Ha=F'] -> accept all 3
  r12: draft=['Wearing_Li=T', 'Wearing_Ne=F', 'Wearing_Ne=F'] verify=['Wearing_Li=T', 'Wearing_Ne=F', 'Wearing_Ne=F'] -> accept all 3
  r13: draft=['Young=T'] verify=['Young=T'] -> accept all 1
  rounds=14, verify_forwards=40, correct=31/40

=== sample 4 [serial] ===
  r0: draft=['5_o_Clock_=F', 'Arched_Eye=T', 'Attractive=T'] verify=['5_o_Clock_=F', 'Arched_Eye=T', 'Attractive=T'] -> accept all 3
  r1: draft=['Bags_Under=F', 'Bald=F', 'Bangs=F'] verify=['Bags_Under=F', 'Bald=F', 'Bangs=F'] -> accept all 3
  r2: draft=['Big_Lips=F', 'Big_Nose=F', 'Black_Hair=F'] verify=['Big_Lips=F', 'Big_Nose=F', 'Black_Hair=F'] -> accept all 3
  r3: draft=['Blond_Hair=T', 'Blurry=F', 'Brown_Hair=F'] verify=['Blond_Hair=T', 'Blurry=F', 'Brown_Hair=F'] -> accept all 3
  r4: draft=['Bushy_Eyeb=F', 'Chubby=F', 'Double_Chi=F'] verify=['Bushy_Eyeb=F', 'Chubby=F', 'Double_Chi=F'] -> accept all 3
  r5: draft=['Eyeglasses=F', 'Goatee=F', 'Gray_Hair=F'] verify=['Eyeglasses=F', 'Goatee=F', 'Gray_Hair=F'] -> accept all 3
  r6: draft=['Heavy_Make=T', 'High_Cheek=T', 'Male=F'] verify=['Heavy_Make=T', 'High_Cheek=T', 'Male=F'] -> accept all 3
  r7: draft=['Mouth_Slig=T', 'Mustache=F', 'Narrow_Eye=F'] verify=['Mouth_Slig=T', 'Mustache=F', 'Narrow_Eye=F'] -> accept all 3
  r8: draft=['No_Beard=T', 'Oval_Face=T', 'Pale_Skin=T'] verify=['No_Beard=T', 'Oval_Face=T', 'Pale_Skin=T'] -> accept all 3
  r9: draft=['Pointy_Nos=F', 'Receding_H=F', 'Rosy_Cheek=F'] verify=['Pointy_Nos=F', 'Receding_H=F', 'Rosy_Cheek=F'] -> accept all 3
  r10: draft=['Sideburns=F', 'Smiling=F', 'Straight_H=F'] verify=['Sideburns=F', 'Smiling=F', 'Straight_H=T'] -> reject@2, re-draft from 33
  r11: draft=['Wavy_Hair=F', 'Wearing_Ea=F', 'Wearing_Ha=F'] verify=['Wavy_Hair=F', 'Wearing_Ea=F', 'Wearing_Ha=F'] -> accept all 3
  r12: draft=['Wearing_Li=T', 'Wearing_Ne=T', 'Wearing_Ne=F'] verify=['Wearing_Li=T', 'Wearing_Ne=F', 'Wearing_Ne=F'] -> reject@1, re-draft from 38
  r13: draft=['Wearing_Ne=F', 'Young=T'] verify=['Wearing_Ne=F', 'Young=T'] -> accept all 2
  rounds=14, verify_forwards=40, correct=31/40

=== sample 5 [serial] ===
  r0: draft=['5_o_Clock_=F', 'Arched_Eye=T', 'Attractive=T'] verify=['5_o_Clock_=F', 'Arched_Eye=T', 'Attractive=T'] -> accept all 3
  r1: draft=['Bags_Under=F', 'Bald=F', 'Bangs=F'] verify=['Bags_Under=F', 'Bald=F', 'Bangs=F'] -> accept all 3
  r2: draft=['Big_Lips=T', 'Big_Nose=F', 'Black_Hair=F'] verify=['Big_Lips=T', 'Big_Nose=F', 'Black_Hair=F'] -> accept all 3
  r3: draft=['Blond_Hair=F', 'Blurry=F', 'Brown_Hair=T'] verify=['Blond_Hair=F', 'Blurry=F', 'Brown_Hair=T'] -> accept all 3
  r4: draft=['Bushy_Eyeb=F', 'Chubby=F', 'Double_Chi=F'] verify=['Bushy_Eyeb=F', 'Chubby=F', 'Double_Chi=F'] -> accept all 3
  r5: draft=['Eyeglasses=F', 'Goatee=F', 'Gray_Hair=F'] verify=['Eyeglasses=F', 'Goatee=F', 'Gray_Hair=F'] -> accept all 3
  r6: draft=['Heavy_Make=T', 'High_Cheek=T', 'Male=F'] verify=['Heavy_Make=T', 'High_Cheek=T', 'Male=F'] -> accept all 3
  r7: draft=['Mouth_Slig=T', 'Mustache=F', 'Narrow_Eye=F'] verify=['Mouth_Slig=T', 'Mustache=F', 'Narrow_Eye=F'] -> accept all 3
  r8: draft=['No_Beard=T', 'Oval_Face=T', 'Pale_Skin=T'] verify=['No_Beard=T', 'Oval_Face=T', 'Pale_Skin=F'] -> reject@2, re-draft from 27
  r9: draft=['Pointy_Nos=F', 'Receding_H=F', 'Rosy_Cheek=F'] verify=['Pointy_Nos=F', 'Receding_H=F', 'Rosy_Cheek=F'] -> accept all 3
  r10: draft=['Sideburns=F', 'Smiling=F', 'Straight_H=F'] verify=['Sideburns=F', 'Smiling=F', 'Straight_H=F'] -> accept all 3
  r11: draft=['Wavy_Hair=T', 'Wearing_Ea=F', 'Wearing_Ha=F'] verify=['Wavy_Hair=T', 'Wearing_Ea=F', 'Wearing_Ha=F'] -> accept all 3
  r12: draft=['Wearing_Li=T', 'Wearing_Ne=F', 'Wearing_Ne=F'] verify=['Wearing_Li=T', 'Wearing_Ne=F', 'Wearing_Ne=F'] -> accept all 3
  r13: draft=['Young=T'] verify=['Young=T'] -> accept all 1
  rounds=14, verify_forwards=40, correct=37/40

=== sample 6 [serial] ===
  r0: draft=['5_o_Clock_=F', 'Arched_Eye=F', 'Attractive=T'] verify=['5_o_Clock_=F', 'Arched_Eye=F', 'Attractive=T'] -> accept all 3
  r1: draft=['Bags_Under=F', 'Bald=F', 'Bangs=F'] verify=['Bags_Under=F', 'Bald=F', 'Bangs=F'] -> accept all 3
  r2: draft=['Big_Lips=F', 'Big_Nose=F', 'Black_Hair=T'] verify=['Big_Lips=F', 'Big_Nose=F', 'Black_Hair=T'] -> accept all 3
  r3: draft=['Blond_Hair=F', 'Blurry=F', 'Brown_Hair=F'] verify=['Blond_Hair=F', 'Blurry=F', 'Brown_Hair=F'] -> accept all 3
  r4: draft=['Bushy_Eyeb=F', 'Chubby=F', 'Double_Chi=F'] verify=['Bushy_Eyeb=F', 'Chubby=F', 'Double_Chi=F'] -> accept all 3
  r5: draft=['Eyeglasses=F', 'Goatee=F', 'Gray_Hair=F'] verify=['Eyeglasses=F', 'Goatee=F', 'Gray_Hair=F'] -> accept all 3
  r6: draft=['Heavy_Make=F', 'High_Cheek=T', 'Male=T'] verify=['Heavy_Make=F', 'High_Cheek=T', 'Male=T'] -> accept all 3
  r7: draft=['Mouth_Slig=T', 'Mustache=F', 'Narrow_Eye=F'] verify=['Mouth_Slig=T', 'Mustache=F', 'Narrow_Eye=F'] -> accept all 3
  r8: draft=['No_Beard=T', 'Oval_Face=T', 'Pale_Skin=T'] verify=['No_Beard=T', 'Oval_Face=T', 'Pale_Skin=F'] -> reject@2, re-draft from 27
  r9: draft=['Pointy_Nos=F', 'Receding_H=F', 'Rosy_Cheek=F'] verify=['Pointy_Nos=F', 'Receding_H=F', 'Rosy_Cheek=F'] -> accept all 3
  r10: draft=['Sideburns=T', 'Smiling=T', 'Straight_H=T'] verify=['Sideburns=T', 'Smiling=F', 'Straight_H=T'] -> reject@1, re-draft from 32
  r11: draft=['Straight_H=T', 'Wavy_Hair=F', 'Wearing_Ea=F'] verify=['Straight_H=T', 'Wavy_Hair=F', 'Wearing_Ea=F'] -> accept all 3
  r12: draft=['Wearing_Ha=F', 'Wearing_Li=F', 'Wearing_Ne=F'] verify=['Wearing_Ha=F', 'Wearing_Li=F', 'Wearing_Ne=F'] -> accept all 3
  r13: draft=['Wearing_Ne=F', 'Young=T'] verify=['Wearing_Ne=F', 'Young=T'] -> accept all 2
  rounds=14, verify_forwards=40, correct=30/40

=== sample 7 [serial] ===
  r0: draft=['5_o_Clock_=F', 'Arched_Eye=F', 'Attractive=T'] verify=['5_o_Clock_=F', 'Arched_Eye=F', 'Attractive=T'] -> accept all 3
  r1: draft=['Bags_Under=F', 'Bald=F', 'Bangs=F'] verify=['Bags_Under=F', 'Bald=F', 'Bangs=F'] -> accept all 3
  r2: draft=['Big_Lips=F', 'Big_Nose=F', 'Black_Hair=T'] verify=['Big_Lips=F', 'Big_Nose=F', 'Black_Hair=T'] -> accept all 3
  r3: draft=['Blond_Hair=F', 'Blurry=F', 'Brown_Hair=F'] verify=['Blond_Hair=F', 'Blurry=F', 'Brown_Hair=F'] -> accept all 3
  r4: draft=['Bushy_Eyeb=F', 'Chubby=F', 'Double_Chi=F'] verify=['Bushy_Eyeb=F', 'Chubby=F', 'Double_Chi=F'] -> accept all 3
  r5: draft=['Eyeglasses=F', 'Goatee=F', 'Gray_Hair=F'] verify=['Eyeglasses=F', 'Goatee=F', 'Gray_Hair=F'] -> accept all 3
  r6: draft=['Heavy_Make=F', 'High_Cheek=T', 'Male=T'] verify=['Heavy_Make=F', 'High_Cheek=T', 'Male=T'] -> accept all 3
  r7: draft=['Mouth_Slig=F', 'Mustache=F', 'Narrow_Eye=F'] verify=['Mouth_Slig=F', 'Mustache=F', 'Narrow_Eye=F'] -> accept all 3
  r8: draft=['No_Beard=T', 'Oval_Face=T', 'Pale_Skin=T'] verify=['No_Beard=T', 'Oval_Face=T', 'Pale_Skin=F'] -> reject@2, re-draft from 27
  r9: draft=['Pointy_Nos=F', 'Receding_H=F', 'Rosy_Cheek=F'] verify=['Pointy_Nos=F', 'Receding_H=F', 'Rosy_Cheek=F'] -> accept all 3
  r10: draft=['Sideburns=T', 'Smiling=F', 'Straight_H=F'] verify=['Sideburns=T', 'Smiling=F', 'Straight_H=T'] -> reject@2, re-draft from 33
  r11: draft=['Wavy_Hair=F', 'Wearing_Ea=F', 'Wearing_Ha=F'] verify=['Wavy_Hair=F', 'Wearing_Ea=F', 'Wearing_Ha=F'] -> accept all 3
  r12: draft=['Wearing_Li=F', 'Wearing_Ne=F', 'Wearing_Ne=F'] verify=['Wearing_Li=F', 'Wearing_Ne=F', 'Wearing_Ne=F'] -> accept all 3
  r13: draft=['Young=T'] verify=['Young=T'] -> accept all 1
  rounds=14, verify_forwards=40, correct=30/40

=== sample 8 [serial] ===
  r0: draft=['5_o_Clock_=F', 'Arched_Eye=T', 'Attractive=T'] verify=['5_o_Clock_=F', 'Arched_Eye=T', 'Attractive=T'] -> accept all 3
  r1: draft=['Bags_Under=F', 'Bald=F', 'Bangs=T'] verify=['Bags_Under=F', 'Bald=F', 'Bangs=T'] -> accept all 3
  r2: draft=['Big_Lips=F', 'Big_Nose=F', 'Black_Hair=F'] verify=['Big_Lips=F', 'Big_Nose=F', 'Black_Hair=F'] -> accept all 3
  r3: draft=['Blond_Hair=F', 'Blurry=F', 'Brown_Hair=T'] verify=['Blond_Hair=F', 'Blurry=F', 'Brown_Hair=T'] -> accept all 3
  r4: draft=['Bushy_Eyeb=F', 'Chubby=F', 'Double_Chi=F'] verify=['Bushy_Eyeb=F', 'Chubby=F', 'Double_Chi=F'] -> accept all 3
  r5: draft=['Eyeglasses=F', 'Goatee=F', 'Gray_Hair=F'] verify=['Eyeglasses=F', 'Goatee=F', 'Gray_Hair=F'] -> accept all 3
  r6: draft=['Heavy_Make=T', 'High_Cheek=T', 'Male=F'] verify=['Heavy_Make=T', 'High_Cheek=T', 'Male=F'] -> accept all 3
  r7: draft=['Mouth_Slig=F', 'Mustache=F', 'Narrow_Eye=F'] verify=['Mouth_Slig=F', 'Mustache=F', 'Narrow_Eye=F'] -> accept all 3
  r8: draft=['No_Beard=T', 'Oval_Face=T', 'Pale_Skin=F'] verify=['No_Beard=T', 'Oval_Face=T', 'Pale_Skin=F'] -> accept all 3
  r9: draft=['Pointy_Nos=F', 'Receding_H=F', 'Rosy_Cheek=F'] verify=['Pointy_Nos=F', 'Receding_H=F', 'Rosy_Cheek=T'] -> reject@2, re-draft from 30
  r10: draft=['Sideburns=F', 'Smiling=T', 'Straight_H=F'] verify=['Sideburns=F', 'Smiling=T', 'Straight_H=F'] -> accept all 3
  r11: draft=['Wavy_Hair=T', 'Wearing_Ea=T', 'Wearing_Ha=F'] verify=['Wavy_Hair=T', 'Wearing_Ea=T', 'Wearing_Ha=F'] -> accept all 3
  r12: draft=['Wearing_Li=T', 'Wearing_Ne=F', 'Wearing_Ne=F'] verify=['Wearing_Li=T', 'Wearing_Ne=F', 'Wearing_Ne=F'] -> accept all 3
  r13: draft=['Young=T'] verify=['Young=T'] -> accept all 1
  rounds=14, verify_forwards=40, correct=35/40

=== sample 9 [serial] ===
  r0: draft=['5_o_Clock_=F', 'Arched_Eye=T', 'Attractive=T'] verify=['5_o_Clock_=F', 'Arched_Eye=T', 'Attractive=T'] -> accept all 3
  r1: draft=['Bags_Under=F', 'Bald=F', 'Bangs=F'] verify=['Bags_Under=F', 'Bald=F', 'Bangs=F'] -> accept all 3
  r2: draft=['Big_Lips=F', 'Big_Nose=F', 'Black_Hair=F'] verify=['Big_Lips=F', 'Big_Nose=F', 'Black_Hair=F'] -> accept all 3
  r3: draft=['Blond_Hair=T', 'Blurry=F', 'Brown_Hair=F'] verify=['Blond_Hair=T', 'Blurry=F', 'Brown_Hair=F'] -> accept all 3
  r4: draft=['Bushy_Eyeb=F', 'Chubby=F', 'Double_Chi=F'] verify=['Bushy_Eyeb=F', 'Chubby=F', 'Double_Chi=F'] -> accept all 3
  r5: draft=['Eyeglasses=F', 'Goatee=F', 'Gray_Hair=F'] verify=['Eyeglasses=F', 'Goatee=F', 'Gray_Hair=F'] -> accept all 3
  r6: draft=['Heavy_Make=T', 'High_Cheek=T', 'Male=F'] verify=['Heavy_Make=T', 'High_Cheek=T', 'Male=F'] -> accept all 3
  r7: draft=['Mouth_Slig=T', 'Mustache=F', 'Narrow_Eye=F'] verify=['Mouth_Slig=F', 'Mustache=F', 'Narrow_Eye=F'] -> reject@0, re-draft from 22
  r8: draft=['Mustache=F', 'Narrow_Eye=F', 'No_Beard=T'] verify=['Mustache=F', 'Narrow_Eye=F', 'No_Beard=T'] -> accept all 3
  r9: draft=['Oval_Face=T', 'Pale_Skin=T', 'Pointy_Nos=F'] verify=['Oval_Face=T', 'Pale_Skin=T', 'Pointy_Nos=F'] -> accept all 3
  r10: draft=['Receding_H=F', 'Rosy_Cheek=F', 'Sideburns=F'] verify=['Receding_H=F', 'Rosy_Cheek=F', 'Sideburns=F'] -> accept all 3
  r11: draft=['Smiling=T', 'Straight_H=F', 'Wavy_Hair=T'] verify=['Smiling=T', 'Straight_H=F', 'Wavy_Hair=T'] -> accept all 3
  r12: draft=['Wearing_Ea=F', 'Wearing_Ha=F', 'Wearing_Li=T'] verify=['Wearing_Ea=F', 'Wearing_Ha=F', 'Wearing_Li=T'] -> accept all 3
  r13: draft=['Wearing_Ne=F', 'Wearing_Ne=F', 'Young=T'] verify=['Wearing_Ne=F', 'Wearing_Ne=F', 'Young=T'] -> accept all 3
  rounds=14, verify_forwards=40, correct=35/40

=== sample 10 [serial] ===
  r0: draft=['5_o_Clock_=F', 'Arched_Eye=T', 'Attractive=T'] verify=['5_o_Clock_=F', 'Arched_Eye=T', 'Attractive=T'] -> accept all 3
  r1: draft=['Bags_Under=F', 'Bald=F', 'Bangs=F'] verify=['Bags_Under=F', 'Bald=F', 'Bangs=F'] -> accept all 3
  r2: draft=['Big_Lips=T', 'Big_Nose=F', 'Black_Hair=T'] verify=['Big_Lips=T', 'Big_Nose=F', 'Black_Hair=T'] -> accept all 3
  r3: draft=['Blond_Hair=F', 'Blurry=F', 'Brown_Hair=F'] verify=['Blond_Hair=F', 'Blurry=F', 'Brown_Hair=F'] -> accept all 3
  r4: draft=['Bushy_Eyeb=F', 'Chubby=F', 'Double_Chi=F'] verify=['Bushy_Eyeb=F', 'Chubby=F', 'Double_Chi=F'] -> accept all 3
  r5: draft=['Eyeglasses=F', 'Goatee=F', 'Gray_Hair=F'] verify=['Eyeglasses=F', 'Goatee=F', 'Gray_Hair=F'] -> accept all 3
  r6: draft=['Heavy_Make=T', 'High_Cheek=T', 'Male=F'] verify=['Heavy_Make=T', 'High_Cheek=T', 'Male=F'] -> accept all 3
  r7: draft=['Mouth_Slig=T', 'Mustache=F', 'Narrow_Eye=F'] verify=['Mouth_Slig=T', 'Mustache=F', 'Narrow_Eye=F'] -> accept all 3
  r8: draft=['No_Beard=T', 'Oval_Face=T', 'Pale_Skin=T'] verify=['No_Beard=T', 'Oval_Face=T', 'Pale_Skin=F'] -> reject@2, re-draft from 27
  r9: draft=['Pointy_Nos=F', 'Receding_H=F', 'Rosy_Cheek=F'] verify=['Pointy_Nos=F', 'Receding_H=F', 'Rosy_Cheek=F'] -> accept all 3
  r10: draft=['Sideburns=F', 'Smiling=T', 'Straight_H=F'] verify=['Sideburns=F', 'Smiling=T', 'Straight_H=F'] -> accept all 3
  r11: draft=['Wavy_Hair=T', 'Wearing_Ea=F', 'Wearing_Ha=F'] verify=['Wavy_Hair=T', 'Wearing_Ea=F', 'Wearing_Ha=F'] -> accept all 3
  r12: draft=['Wearing_Li=T', 'Wearing_Ne=F', 'Wearing_Ne=F'] verify=['Wearing_Li=T', 'Wearing_Ne=F', 'Wearing_Ne=F'] -> accept all 3
  r13: draft=['Young=T'] verify=['Young=T'] -> accept all 1
  rounds=14, verify_forwards=40, correct=33/40

=== sample 11 [serial] ===
  r0: draft=['5_o_Clock_=F', 'Arched_Eye=F', 'Attractive=T'] verify=['5_o_Clock_=F', 'Arched_Eye=F', 'Attractive=T'] -> accept all 3
  r1: draft=['Bags_Under=F', 'Bald=F', 'Bangs=F'] verify=['Bags_Under=F', 'Bald=F', 'Bangs=F'] -> accept all 3
  r2: draft=['Big_Lips=F', 'Big_Nose=F', 'Black_Hair=T'] verify=['Big_Lips=F', 'Big_Nose=F', 'Black_Hair=T'] -> accept all 3
  r3: draft=['Blond_Hair=F', 'Blurry=F', 'Brown_Hair=F'] verify=['Blond_Hair=F', 'Blurry=F', 'Brown_Hair=F'] -> accept all 3
  r4: draft=['Bushy_Eyeb=F', 'Chubby=F', 'Double_Chi=F'] verify=['Bushy_Eyeb=F', 'Chubby=F', 'Double_Chi=F'] -> accept all 3
  r5: draft=['Eyeglasses=F', 'Goatee=F', 'Gray_Hair=F'] verify=['Eyeglasses=F', 'Goatee=F', 'Gray_Hair=F'] -> accept all 3
  r6: draft=['Heavy_Make=F', 'High_Cheek=T', 'Male=T'] verify=['Heavy_Make=F', 'High_Cheek=T', 'Male=T'] -> accept all 3
  r7: draft=['Mouth_Slig=F', 'Mustache=F', 'Narrow_Eye=F'] verify=['Mouth_Slig=F', 'Mustache=F', 'Narrow_Eye=F'] -> accept all 3
  r8: draft=['No_Beard=T', 'Oval_Face=T', 'Pale_Skin=F'] verify=['No_Beard=T', 'Oval_Face=T', 'Pale_Skin=F'] -> accept all 3
  r9: draft=['Pointy_Nos=F', 'Receding_H=F', 'Rosy_Cheek=F'] verify=['Pointy_Nos=F', 'Receding_H=F', 'Rosy_Cheek=F'] -> accept all 3
  r10: draft=['Sideburns=T', 'Smiling=T', 'Straight_H=F'] verify=['Sideburns=T', 'Smiling=T', 'Straight_H=T'] -> reject@2, re-draft from 33
  r11: draft=['Wavy_Hair=F', 'Wearing_Ea=F', 'Wearing_Ha=F'] verify=['Wavy_Hair=F', 'Wearing_Ea=F', 'Wearing_Ha=F'] -> accept all 3
  r12: draft=['Wearing_Li=F', 'Wearing_Ne=F', 'Wearing_Ne=F'] verify=['Wearing_Li=F', 'Wearing_Ne=F', 'Wearing_Ne=T'] -> reject@2, re-draft from 39
  r13: draft=['Young=T'] verify=['Young=T'] -> accept all 1
  rounds=14, verify_forwards=40, correct=35/40

=== Summary [serial] (12 samples) ===
  mean rounds: 14.00
  mean verify_forwards: 40.00
  mean correct: 32.50/40
DONE
