[ERROR] `min_frames` is part of Qwen3VLVideoProcessorInitKwargs, but not documented. Make sure to add it to the docstring of the function in /root/autodl-tmp/conda/envs/torchspec/lib/python3.12/site-packages/transformers/models/qwen3_vl/video_processing_qwen3_vl.py.
[ERROR] `max_frames` is part of Qwen3VLVideoProcessorInitKwargs, but not documented. Make sure to add it to the docstring of the function in /root/autodl-tmp/conda/envs/torchspec/lib/python3.12/site-packages/transformers/models/qwen3_vl/video_processing_qwen3_vl.py.
DAG: 40 attrs, 40 value positions
Loading weights:   0%|          | 0/723 [00:00<?, ?it/s]Loading weights: 100%|██████████| 723/723 [00:00<00:00, 8196.94it/s]
models loaded

=== sample 0 [serial] ===
  r0: accept all 3
  r1: accept all 3
  r2: accept all 3
  r3: accept all 3
  r4: accept all 3
  r5: accept all 3
  rounds=14, verify_forwards=40, correct=32/40

=== sample 1 [serial] ===
  r0: accept all 3
  r1: accept all 3
  r2: accept all 3
  r3: reject@2, re-draft from 12
  r4: accept all 3
  r5: accept all 3
  rounds=14, verify_forwards=40, correct=32/40

=== Summary [serial] (2 samples) ===
  mean rounds: 14.00
  mean verify_forwards: 40.00
  mean correct: 32.00/40
DONE
